ekate@gonza MINGW64 ~/OneDrive/Рабочий стол (master)
$ sd ~
bash: sd: command not found

ekate@gonza MINGW64 ~/OneDrive/Рабочий стол (master)
$ sd~
bash: sd~: command not found

ekate@gonza MINGW64 ~/OneDrive/Рабочий стол (master)
$ pwd
/c/Users/ekate/OneDrive/Рабочий стол

ekate@gonza MINGW64 ~/OneDrive/Рабочий стол (master)
$ cd

ekate@gonza MINGW64 ~ (master)
$ cd~
bash: cd~: command not found

ekate@gonza MINGW64 ~ (master)
$ cd ~

ekate@gonza MINGW64 ~ (master)
$ pwd
/c/Users/ekate

ekate@gonza MINGW64 ~ (master)
$ mkdir test1

ekate@gonza MINGW64 ~ (master)
$ cd test1

ekate@gonza MINGW64 ~/test1 (master)
$ touch 1 2 3

ekate@gonza MINGW64 ~/test1 (master)
$ ls
1  2  3

ekate@gonza MINGW64 ~/test1 (master)
$ mkdir test2

ekate@gonza MINGW64 ~/test1 (master)
$ rm -r test2

ekate@gonza MINGW64 ~/test1 (master)
$ rm test1/2
rm: cannot remove 'test1/2': No such file or directory

ekate@gonza MINGW64 ~/test1 (master)
$ rm 2

ekate@gonza MINGW64 ~/test1 (master)
$ mkdir ~/test3

ekate@gonza MINGW64 ~/test1 (master)
$ touch ~/test3/file1 ~/test3/file2

ekate@gonza MINGW64 ~/test1 (master)
$ rm -r ~/test3

ekate@gonza MINGW64 ~/test1 (master)
$ mkdir ~/test4

ekate@gonza MINGW64 ~/test1 (master)
$ mv test1/1
mv: missing destination file operand after 'test1/1'
Try 'mv --help' for more information.

ekate@gonza MINGW64 ~/test1 (master)
$ mv test1/1
test1/3 ~/test4
mv: missing destination file operand after 'test1/1'
Try 'mv --help' for more information.
bash: test1/3: No such file or directory

ekate@gonza MINGW64 ~/test1 (master)
$ mv test1/1 test1/3 ~/test4
mv: cannot stat 'test1/1': No such file or directory
mv: cannot stat 'test1/3': No such file or directory

ekate@gonza MINGW64 ~/test1 (master)
$ mv ~/test1/1 ~/test1/3 ~/test4/

ekate@gonza MINGW64 ~/test1 (master)
$ echo -e "linenlinenline" >> ~/test4/1

ekate@gonza MINGW64 ~/test1 (master)
$ cat ~/test4/1
linenlinenline

ekate@gonza MINGW64 ~/test1 (master)
$ echo "line" >> test4/3
echo "line" >> test4/3
echo "line" >> test4/3
bash: test4/3: No such file or directory
bash: test4/3: No such file or directory
bash: test4/3: No such file or directory

ekate@gonza MINGW64 ~/test1 (master)
$ echo -e "linenlinenline" >> ~/test4/3

ekate@gonza MINGW64 ~/test1 (master)
$ ^C

ekate@gonza MINGW64 ~/test1 (master)
$ echo -e "line" >> ~/test4/3
echo -e "line" >> ~/test4/3
echo -e "line" >> ~/test4/3

ekate@gonza MINGW64 ~/test1 (master)
$ cat ~/test4/1 ~/test4/3
linenlinenline
linenlinenline
line
line
line

ekate@gonza MINGW64 ~/test1 (master)
$ nano ~/test4/1

ekate@gonza MINGW64 ~/test1 (master)
$ ^C

ekate@gonza MINGW64 ~/test1 (master)
$ cat ~/test4/1 ~/test4/3
blablabla
linenlinenline
line
line
line

ekate@gonza MINGW64 ~/test1 (master)
$
